Archive member included because of file (symbol)

/usr/lib/gcc/avr/4.8.2/avr5/libgcc.a(_mulsi3.o)
                              ./vm.o (__mulsi3)
/usr/lib/gcc/avr/4.8.2/avr5/libgcc.a(_udivmodqi4.o)
                              ./platform/arduino/uart/uart.o (__udivmodqi4)
/usr/lib/gcc/avr/4.8.2/avr5/libgcc.a(_udivmodhi4.o)
                              ./vmarray.o (__udivmodhi4)
/usr/lib/gcc/avr/4.8.2/avr5/libgcc.a(_divmodsi4.o)
                              ./vm.o (__divmodsi4)
/usr/lib/gcc/avr/4.8.2/avr5/libgcc.a(_negsi2.o)
                              /usr/lib/gcc/avr/4.8.2/avr5/libgcc.a(_divmodsi4.o) (__negsi2)
/usr/lib/gcc/avr/4.8.2/avr5/libgcc.a(_exit.o)
                              /usr/lib/gcc/avr/4.8.2/../../../../avr/lib/avr5/crtm328p.o (exit)
/usr/lib/gcc/avr/4.8.2/avr5/libgcc.a(_tablejump.o)
                              ./platform/arduino/native_brik.o (__tablejump2__)
/usr/lib/gcc/avr/4.8.2/avr5/libgcc.a(_copy_data.o)
                              ./platform/arduino/uart/circbuff.o (__do_copy_data)
/usr/lib/gcc/avr/4.8.2/avr5/libgcc.a(_clear_bss.o)
                              ./platform/arduino/uart/uart.o (__do_clear_bss)
/usr/lib/gcc/avr/4.8.2/avr5/libgcc.a(_muluhisi3.o)
                              /usr/lib/gcc/avr/4.8.2/avr5/libgcc.a(_mulsi3.o) (__muluhisi3)
/usr/lib/gcc/avr/4.8.2/avr5/libgcc.a(_udivmodsi4.o)
                              /usr/lib/gcc/avr/4.8.2/avr5/libgcc.a(_divmodsi4.o) (__udivmodsi4)
/usr/lib/gcc/avr/4.8.2/avr5/libgcc.a(_umulhisi3.o)
                              /usr/lib/gcc/avr/4.8.2/avr5/libgcc.a(_muluhisi3.o) (__umulhisi3)
/usr/lib/gcc/avr/4.8.2/../../../../avr/lib/avr5/libc.a(malloc.o)
                              ./platform/arduino/uart/circbuff.o (malloc)
/usr/lib/gcc/avr/4.8.2/../../../../avr/lib/avr5/libc.a(itoa.o)
                              ./platform/arduino/uart/uart.o (itoa)
/usr/lib/gcc/avr/4.8.2/../../../../avr/lib/avr5/libc.a(printf.o)
                              ./platform/arduino/uart/circbuff.o (printf)
/usr/lib/gcc/avr/4.8.2/../../../../avr/lib/avr5/libc.a(puts.o)
                              ./platform/arduino/uart/circbuff.o (puts)
/usr/lib/gcc/avr/4.8.2/../../../../avr/lib/avr5/libc.a(vfprintf_std.o)
                              /usr/lib/gcc/avr/4.8.2/../../../../avr/lib/avr5/libc.a(printf.o) (vfprintf)
/usr/lib/gcc/avr/4.8.2/../../../../avr/lib/avr5/libc.a(strnlen_P.o)
                              /usr/lib/gcc/avr/4.8.2/../../../../avr/lib/avr5/libc.a(vfprintf_std.o) (strnlen_P)
/usr/lib/gcc/avr/4.8.2/../../../../avr/lib/avr5/libc.a(strnlen.o)
                              /usr/lib/gcc/avr/4.8.2/../../../../avr/lib/avr5/libc.a(vfprintf_std.o) (strnlen)
/usr/lib/gcc/avr/4.8.2/../../../../avr/lib/avr5/libc.a(strrev.o)
                              /usr/lib/gcc/avr/4.8.2/../../../../avr/lib/avr5/libc.a(itoa.o) (strrev)
/usr/lib/gcc/avr/4.8.2/../../../../avr/lib/avr5/libc.a(fputc.o)
                              /usr/lib/gcc/avr/4.8.2/../../../../avr/lib/avr5/libc.a(vfprintf_std.o) (fputc)
/usr/lib/gcc/avr/4.8.2/../../../../avr/lib/avr5/libc.a(iob.o)
                              /usr/lib/gcc/avr/4.8.2/../../../../avr/lib/avr5/libc.a(printf.o) (__iob)
/usr/lib/gcc/avr/4.8.2/../../../../avr/lib/avr5/libc.a(ultoa_invert.o)
                              /usr/lib/gcc/avr/4.8.2/../../../../avr/lib/avr5/libc.a(vfprintf_std.o) (__ultoa_invert)
/usr/lib/gcc/avr/4.8.2/avr5/libgcc.a(_prologue.o)
                              /usr/lib/gcc/avr/4.8.2/../../../../avr/lib/avr5/libc.a(printf.o) (__prologue_saves__)
/usr/lib/gcc/avr/4.8.2/avr5/libgcc.a(_epilogue.o)
                              /usr/lib/gcc/avr/4.8.2/../../../../avr/lib/avr5/libc.a(printf.o) (__epilogue_restores__)

Allocating common symbols
Common symbol       size              file

txHead              0x1               ./platform/arduino/uart.o
timers              0x8               ./platform/arduino/native_java.o
rtccapture          0x4               ./platform/arduino/microapi.o
locals              0x2               ./vm.o
rxTail              0x1               ./platform/arduino/uart.o
__brkval            0x2               /usr/lib/gcc/avr/4.8.2/../../../../avr/lib/avr5/libc.a(malloc.o)
vmFileConstantCount
                    0x1               ./vmfile.o
rtc                 0x3               ./platform/arduino/microapi.o
rxBuffer            0x40              ./platform/arduino/uart.o
heap                0xf00             ./vmheap.o
txBuffer            0x40              ./platform/arduino/uart.o
sysclk              0x4               ./platform/arduino/microapi.o
rxHead              0x1               ./platform/arduino/uart.o
__flp               0x2               /usr/lib/gcc/avr/4.8.2/../../../../avr/lib/avr5/libc.a(malloc.o)
txTail              0x1               ./platform/arduino/uart.o
__iob               0x6               /usr/lib/gcc/avr/4.8.2/../../../../avr/lib/avr5/libc.a(iob.o)

Memory Configuration

Name             Origin             Length             Attributes
text             0x0000000000000000 0x0000000000020000 xr
data             0x0000000000800060 0x000000000000ffa0 rw !x
eeprom           0x0000000000810000 0x0000000000010000 rw !x
fuse             0x0000000000820000 0x0000000000000400 rw !x
lock             0x0000000000830000 0x0000000000000400 rw !x
signature        0x0000000000840000 0x0000000000000400 rw !x
*default*        0x0000000000000000 0xffffffffffffffff

Linker script and memory map

Address of section .data set to 0x800100
LOAD /usr/lib/gcc/avr/4.8.2/../../../../avr/lib/avr5/crtm328p.o
LOAD ./platform/arduino/uart/circbuff.o
LOAD ./platform/arduino/uart/uart.o
LOAD ./platform/arduino/Flash.o
LOAD ./platform/arduino/VmMain.o
LOAD ./platform/arduino/microapi.o
LOAD ./platform/arduino/native_brik.o
LOAD ./platform/arduino/native_formatter.o
LOAD ./platform/arduino/native_java.o
LOAD ./platform/arduino/native_math.o
LOAD ./platform/arduino/native_stdio.o
LOAD ./platform/arduino/platform.o
LOAD ./platform/arduino/uart.o
LOAD ./native_string.o
LOAD ./utils.o
LOAD ./vm.o
LOAD ./vmarray.o
LOAD ./vmerror.o
LOAD ./vmfile.o
LOAD ./vmheap.o
LOAD ./vmstack.o
START GROUP
LOAD /usr/lib/gcc/avr/4.8.2/avr5/libgcc.a
LOAD /usr/lib/gcc/avr/4.8.2/../../../../avr/lib/avr5/libm.a
LOAD /usr/lib/gcc/avr/4.8.2/../../../../avr/lib/avr5/libc.a
END GROUP

.hash
 *(.hash)

.dynsym
 *(.dynsym)

.dynstr
 *(.dynstr)

.gnu.version
 *(.gnu.version)

.gnu.version_d
 *(.gnu.version_d)

.gnu.version_r
 *(.gnu.version_r)

.rel.init
 *(.rel.init)

.rela.init
 *(.rela.init)

.rel.text
 *(.rel.text)
 *(.rel.text.*)
 *(.rel.gnu.linkonce.t*)

.rela.text
 *(.rela.text)
 *(.rela.text.*)
 *(.rela.gnu.linkonce.t*)

.rel.fini
 *(.rel.fini)

.rela.fini
 *(.rela.fini)

.rel.rodata
 *(.rel.rodata)
 *(.rel.rodata.*)
 *(.rel.gnu.linkonce.r*)

.rela.rodata
 *(.rela.rodata)
 *(.rela.rodata.*)
 *(.rela.gnu.linkonce.r*)

.rel.data
 *(.rel.data)
 *(.rel.data.*)
 *(.rel.gnu.linkonce.d*)

.rela.data
 *(.rela.data)
 *(.rela.data.*)
 *(.rela.gnu.linkonce.d*)

.rel.ctors
 *(.rel.ctors)

.rela.ctors
 *(.rela.ctors)

.rel.dtors
 *(.rel.dtors)

.rela.dtors
 *(.rela.dtors)

.rel.got
 *(.rel.got)

.rela.got
 *(.rela.got)

.rel.bss
 *(.rel.bss)

.rela.bss
 *(.rela.bss)

.rel.plt
 *(.rel.plt)

.rela.plt
 *(.rela.plt)

.text           0x0000000000000000     0x2860
 *(.vectors)
 .vectors       0x0000000000000000       0x68 /usr/lib/gcc/avr/4.8.2/../../../../avr/lib/avr5/crtm328p.o
                0x0000000000000000                __vectors
                0x0000000000000000                __vector_default
 *(.vectors)
 *(.progmem.gcc*)
 .progmem.gcc_sw_table.NativeBrikInvoke
                0x0000000000000068       0x22 ./platform/arduino/native_brik.o
 *(.progmem*)
                0x000000000000008a                . = ALIGN (0x2)
                0x000000000000008a                __trampolines_start = .
 *(.trampolines)
 .trampolines   0x000000000000008a        0x0 linker stubs
 *(.trampolines*)
                0x000000000000008a                __trampolines_end = .
 *(.jumptables)
 *(.jumptables*)
 *(.lowtext)
 *(.lowtext*)
                0x000000000000008a                __ctors_start = .
 *(.ctors)
                0x000000000000008a                __ctors_end = .
                0x000000000000008a                __dtors_start = .
 *(.dtors)
                0x000000000000008a                __dtors_end = .
 SORT(*)(.ctors)
 SORT(*)(.dtors)
 *(.init0)
 .init0         0x000000000000008a        0x0 /usr/lib/gcc/avr/4.8.2/../../../../avr/lib/avr5/crtm328p.o
                0x000000000000008a                __init
 *(.init0)
 *(.init1)
 *(.init1)
 *(.init2)
 .init2         0x000000000000008a        0xc /usr/lib/gcc/avr/4.8.2/../../../../avr/lib/avr5/crtm328p.o
 *(.init2)
 *(.init3)
 *(.init3)
 *(.init4)
 .init4         0x0000000000000096       0x16 /usr/lib/gcc/avr/4.8.2/avr5/libgcc.a(_copy_data.o)
                0x0000000000000096                __do_copy_data
 .init4         0x00000000000000ac       0x10 /usr/lib/gcc/avr/4.8.2/avr5/libgcc.a(_clear_bss.o)
                0x00000000000000ac                __do_clear_bss
 *(.init4)
 *(.init5)
 *(.init5)
 *(.init6)
 *(.init6)
 *(.init7)
 *(.init7)
 *(.init8)
 *(.init8)
 *(.init9)
 .init9         0x00000000000000bc        0x8 /usr/lib/gcc/avr/4.8.2/../../../../avr/lib/avr5/crtm328p.o
 *(.init9)
 *(.text)
 .text          0x00000000000000c4        0x4 /usr/lib/gcc/avr/4.8.2/../../../../avr/lib/avr5/crtm328p.o
                0x00000000000000c4                __vector_22
                0x00000000000000c4                __vector_1
                0x00000000000000c4                __vector_24
                0x00000000000000c4                __vector_12
                0x00000000000000c4                __bad_interrupt
                0x00000000000000c4                __vector_6
                0x00000000000000c4                __vector_3
                0x00000000000000c4                __vector_23
                0x00000000000000c4                __vector_25
                0x00000000000000c4                __vector_11
                0x00000000000000c4                __vector_13
                0x00000000000000c4                __vector_17
                0x00000000000000c4                __vector_7
                0x00000000000000c4                __vector_5
                0x00000000000000c4                __vector_4
                0x00000000000000c4                __vector_9
                0x00000000000000c4                __vector_2
                0x00000000000000c4                __vector_21
                0x00000000000000c4                __vector_15
                0x00000000000000c4                __vector_8
                0x00000000000000c4                __vector_14
                0x00000000000000c4                __vector_10
                0x00000000000000c4                __vector_16
                0x00000000000000c4                __vector_20
 .text          0x00000000000000c8        0x0 ./platform/arduino/uart/circbuff.o
 .text          0x00000000000000c8        0x0 ./platform/arduino/uart/uart.o
 .text          0x00000000000000c8        0x0 ./platform/arduino/Flash.o
 .text          0x00000000000000c8        0x0 ./platform/arduino/VmMain.o
 .text          0x00000000000000c8        0x0 ./platform/arduino/microapi.o
 .text          0x00000000000000c8        0x0 ./platform/arduino/native_brik.o
 .text          0x00000000000000c8        0x0 ./platform/arduino/native_formatter.o
 .text          0x00000000000000c8        0x0 ./platform/arduino/native_java.o
 .text          0x00000000000000c8        0x0 ./platform/arduino/native_math.o
 .text          0x00000000000000c8        0x0 ./platform/arduino/native_stdio.o
 .text          0x00000000000000c8        0x0 ./platform/arduino/platform.o
 .text          0x00000000000000c8        0x0 ./platform/arduino/uart.o
 .text          0x00000000000000c8        0x0 ./native_string.o
 .text          0x00000000000000c8        0x0 ./utils.o
 .text          0x00000000000000c8        0x0 ./vm.o
 .text          0x00000000000000c8        0x0 ./vmarray.o
 .text          0x00000000000000c8        0x0 ./vmerror.o
 .text          0x00000000000000c8        0x0 ./vmfile.o
 .text          0x00000000000000c8        0x0 ./vmheap.o
 .text          0x00000000000000c8        0x0 ./vmstack.o
 .text          0x00000000000000c8        0x0 /usr/lib/gcc/avr/4.8.2/avr5/libgcc.a(_mulsi3.o)
 .text          0x00000000000000c8        0x0 /usr/lib/gcc/avr/4.8.2/avr5/libgcc.a(_udivmodqi4.o)
 .text          0x00000000000000c8        0x0 /usr/lib/gcc/avr/4.8.2/avr5/libgcc.a(_udivmodhi4.o)
 .text          0x00000000000000c8        0x0 /usr/lib/gcc/avr/4.8.2/avr5/libgcc.a(_divmodsi4.o)
 .text          0x00000000000000c8        0x0 /usr/lib/gcc/avr/4.8.2/avr5/libgcc.a(_negsi2.o)
 .text          0x00000000000000c8        0x0 /usr/lib/gcc/avr/4.8.2/avr5/libgcc.a(_exit.o)
 .text          0x00000000000000c8        0x0 /usr/lib/gcc/avr/4.8.2/avr5/libgcc.a(_tablejump.o)
 .text          0x00000000000000c8        0x0 /usr/lib/gcc/avr/4.8.2/avr5/libgcc.a(_copy_data.o)
 .text          0x00000000000000c8        0x0 /usr/lib/gcc/avr/4.8.2/avr5/libgcc.a(_clear_bss.o)
 .text          0x00000000000000c8        0x0 /usr/lib/gcc/avr/4.8.2/avr5/libgcc.a(_muluhisi3.o)
 .text          0x00000000000000c8        0x0 /usr/lib/gcc/avr/4.8.2/avr5/libgcc.a(_udivmodsi4.o)
 .text          0x00000000000000c8        0x0 /usr/lib/gcc/avr/4.8.2/avr5/libgcc.a(_umulhisi3.o)
 .text          0x00000000000000c8        0x0 /usr/lib/gcc/avr/4.8.2/../../../../avr/lib/avr5/libc.a(malloc.o)
 .text          0x00000000000000c8        0x0 /usr/lib/gcc/avr/4.8.2/../../../../avr/lib/avr5/libc.a(itoa.o)
 .text          0x00000000000000c8        0x0 /usr/lib/gcc/avr/4.8.2/../../../../avr/lib/avr5/libc.a(printf.o)
 .text          0x00000000000000c8        0x0 /usr/lib/gcc/avr/4.8.2/../../../../avr/lib/avr5/libc.a(puts.o)
 .text          0x00000000000000c8        0x0 /usr/lib/gcc/avr/4.8.2/../../../../avr/lib/avr5/libc.a(vfprintf_std.o)
 .text          0x00000000000000c8        0x0 /usr/lib/gcc/avr/4.8.2/../../../../avr/lib/avr5/libc.a(strnlen_P.o)
 .text          0x00000000000000c8        0x0 /usr/lib/gcc/avr/4.8.2/../../../../avr/lib/avr5/libc.a(strnlen.o)
 .text          0x00000000000000c8        0x0 /usr/lib/gcc/avr/4.8.2/../../../../avr/lib/avr5/libc.a(strrev.o)
 .text          0x00000000000000c8        0x0 /usr/lib/gcc/avr/4.8.2/../../../../avr/lib/avr5/libc.a(fputc.o)
 .text          0x00000000000000c8        0x0 /usr/lib/gcc/avr/4.8.2/../../../../avr/lib/avr5/libc.a(iob.o)
 .text          0x00000000000000c8        0x0 /usr/lib/gcc/avr/4.8.2/../../../../avr/lib/avr5/libc.a(ultoa_invert.o)
 .text          0x00000000000000c8        0x0 /usr/lib/gcc/avr/4.8.2/avr5/libgcc.a(_prologue.o)
 .text          0x00000000000000c8        0x0 /usr/lib/gcc/avr/4.8.2/avr5/libgcc.a(_epilogue.o)
                0x00000000000000c8                . = ALIGN (0x2)
 *(.text.*)
 .text.cb_init  0x00000000000000c8       0x3c ./platform/arduino/uart/circbuff.o
                0x00000000000000c8                cb_init
 .text.cb_putc  0x0000000000000104       0x32 ./platform/arduino/uart/circbuff.o
                0x0000000000000104                cb_putc
 .text.cb_puts  0x0000000000000136       0x3e ./platform/arduino/uart/circbuff.o
                0x0000000000000136                cb_puts
 .text.cb_getc  0x0000000000000174       0x32 ./platform/arduino/uart/circbuff.o
                0x0000000000000174                cb_getc
 .text.cb_hasRoom
                0x00000000000001a6        0xe ./platform/arduino/uart/circbuff.o
                0x00000000000001a6                cb_hasRoom
 .text.cb_hasData
                0x00000000000001b4        0x6 ./platform/arduino/uart/circbuff.o
                0x00000000000001b4                cb_hasData
 .text.cb_free  0x00000000000001ba       0x22 ./platform/arduino/uart/circbuff.o
                0x00000000000001ba                cb_free
 .text.cb_print
                0x00000000000001dc       0x5a ./platform/arduino/uart/circbuff.o
                0x00000000000001dc                cb_print
 .text.uart_init
                0x0000000000000236       0x60 ./platform/arduino/uart/uart.o
                0x0000000000000236                uart_init
 .text.uart_close
                0x0000000000000296       0x18 ./platform/arduino/uart/uart.o
                0x0000000000000296                uart_close
 .text.uart_putc
                0x00000000000002ae       0x1a ./platform/arduino/uart/uart.o
                0x00000000000002ae                uart_putc
 .text.uart_getc
                0x00000000000002c8        0xc ./platform/arduino/uart/uart.o
                0x00000000000002c8                uart_getc
 .text.uart_puts
                0x00000000000002d4       0x1c ./platform/arduino/uart/uart.o
                0x00000000000002d4                uart_puts
 .text.uart_hasRoom
                0x00000000000002f0        0xc ./platform/arduino/uart/uart.o
                0x00000000000002f0                uart_hasRoom
 .text.uart_hasData
                0x00000000000002fc        0xc ./platform/arduino/uart/uart.o
                0x00000000000002fc                uart_hasData
 .text.uart_putnum8
                0x0000000000000308       0x78 ./platform/arduino/uart/uart.o
                0x0000000000000308                uart_putnum8
 .text.uart_putnum16
                0x0000000000000380       0x70 ./platform/arduino/uart/uart.o
                0x0000000000000380                uart_putnum16
 .text.__vector_18
                0x00000000000003f0       0x54 ./platform/arduino/uart/uart.o
                0x00000000000003f0                __vector_18
 .text.__vector_19
                0x0000000000000444       0x68 ./platform/arduino/uart/uart.o
                0x0000000000000444                __vector_19
 .text.FlashReadByte
                0x00000000000004ac        0x6 ./platform/arduino/Flash.o
                0x00000000000004ac                FlashReadByte
 .text.startup.main
                0x00000000000004b2       0x1a ./platform/arduino/VmMain.o
                0x00000000000004b2                main
 .text.InitializeMicroAPI
                0x00000000000004cc        0x2 ./platform/arduino/microapi.o
                0x00000000000004cc                InitializeMicroAPI
 .text.NativeBrikInvoke
                0x00000000000004ce      0x240 ./platform/arduino/native_brik.o
                0x00000000000004ce                NativeBrikInvoke
 .text.Handle1MsInterrupt
                0x000000000000070e       0x18 ./platform/arduino/native_java.o
                0x000000000000070e                Handle1MsInterrupt
 .text.InvokeJavaObjectMethod
                0x0000000000000726        0xe ./platform/arduino/native_java.o
                0x0000000000000726                InvokeJavaObjectMethod
 .text.WaitMsec
                0x0000000000000734       0x10 ./platform/arduino/native_java.o
                0x0000000000000734                WaitMsec
 .text.CreateNewNativeObject
                0x0000000000000744       0x36 ./platform/arduino/native_java.o
                0x0000000000000744                CreateNewNativeObject
 .text.InvokeNativeMethod
                0x000000000000077a       0x1e ./platform/arduino/native_java.o
                0x000000000000077a                InvokeNativeMethod
 .text.NativeInitialize
                0x0000000000000798        0xa ./platform/arduino/native_java.o
                0x0000000000000798                NativeInitialize
 .text.PlatformInitialize
                0x00000000000007a2        0x2 ./platform/arduino/platform.o
                0x00000000000007a2                PlatformInitialize
 .text.PlatformError
                0x00000000000007a4        0x2 ./platform/arduino/platform.o
                0x00000000000007a4                PlatformError
 .text.UartSendByte
                0x00000000000007a6        0x4 ./platform/arduino/uart.o
                0x00000000000007a6                UartSendByte
 .text.UartBytesAvailable
                0x00000000000007aa        0x8 ./platform/arduino/uart.o
                0x00000000000007aa                UartBytesAvailable
 .text.UartReadByte
                0x00000000000007b2        0x4 ./platform/arduino/uart.o
                0x00000000000007b2                UartReadByte
 .text.UartFlush
                0x00000000000007b6       0x12 ./platform/arduino/uart.o
                0x00000000000007b6                UartFlush
 .text.InitializeUart
                0x00000000000007c8        0x8 ./platform/arduino/uart.o
                0x00000000000007c8                InitializeUart
 .text.UtilsCopyMemory
                0x00000000000007d0       0x18 ./utils.o
                0x00000000000007d0                UtilsCopyMemory
 .text.UtilsGetStringLength
                0x00000000000007e8       0x12 ./utils.o
                0x00000000000007e8                UtilsGetStringLength
 .text.VmInitialize
                0x00000000000007fa       0x16 ./vm.o
                0x00000000000007fa                VmInitialize
 .text.VmGetAddress
                0x0000000000000810       0x4a ./vm.o
                0x0000000000000810                VmGetAddress
 .text.VmStackToInt
                0x000000000000085a        0x6 ./vm.o
                0x000000000000085a                VmStackToInt
 .text.VmNewClass
                0x0000000000000860       0x68 ./vm.o
                0x0000000000000860                VmNewClass
 .text.VmRunMethod
                0x00000000000008c8      0x9ee ./vm.o
                0x00000000000008c8                VmRunMethod
 .text.ArrayTypeLen
                0x00000000000012b6       0x2c ./vmarray.o
                0x00000000000012b6                ArrayTypeLen
 .text.ArrayNew
                0x00000000000012e2       0x58 ./vmarray.o
                0x00000000000012e2                ArrayNew
 .text.ArrayLen
                0x000000000000133a       0x36 ./vmarray.o
                0x000000000000133a                ArrayLen
 .text.ArraySetByteValue
                0x0000000000001370       0x3a ./vmarray.o
                0x0000000000001370                ArraySetByteValue
 .text.ArrayGetByteValue
                0x00000000000013aa       0x32 ./vmarray.o
                0x00000000000013aa                ArrayGetByteValue
 .text.ArraySetIntValue
                0x00000000000013dc       0x5c ./vmarray.o
                0x00000000000013dc                ArraySetIntValue
 .text.ArrayGetIntValue
                0x0000000000001438       0x40 ./vmarray.o
                0x0000000000001438                ArrayGetIntValue
 .text.HandleError
                0x0000000000001478        0x4 ./vmerror.o
                0x0000000000001478                HandleError
 .text.CopyCodeToRAM
                0x000000000000147c       0x46 ./vmfile.o
                0x000000000000147c                CopyCodeToRAM
 .text.VmFileRead
                0x00000000000014c2        0x6 ./vmfile.o
                0x00000000000014c2                VmFileRead
 .text.VmFileRead08
                0x00000000000014c8       0x24 ./vmfile.o
                0x00000000000014c8                VmFileRead08
 .text.VmFileRead16
                0x00000000000014ec       0x28 ./vmfile.o
                0x00000000000014ec                VmFileRead16
 .text.VmFileRead32
                0x0000000000001514       0x32 ./vmfile.o
                0x0000000000001514                VmFileRead32
 .text.VmFileWrite08
                0x0000000000001546        0x2 ./vmfile.o
                0x0000000000001546                VmFileWrite08
 .text.VmFileInitializeWrite
                0x0000000000001548        0x2 ./vmfile.o
                0x0000000000001548                VmFileInitializeWrite
 .text.VmFileFinalizeWrite
                0x000000000000154a        0x2 ./vmfile.o
                0x000000000000154a                VmFileFinalizeWrite
 .text.VmFileInitialize
                0x000000000000154c       0x70 ./vmfile.o
                0x000000000000154c                VmFileInitialize
 .text.VmFileSaveApp
                0x00000000000015bc        0x2 ./vmfile.o
                0x00000000000015bc                VmFileSaveApp
 .text.VmFileGetMethodHeader
                0x00000000000015be       0x2a ./vmfile.o
                0x00000000000015be                VmFileGetMethodHeader
 .text.VmFileGetConstant
                0x00000000000015e8       0x4a ./vmfile.o
                0x00000000000015e8                VmFileGetConstant
 .text.VmFileJumpToMain
                0x0000000000001632       0xe0 ./vmfile.o
                0x0000000000001632                VmFileJumpToMain
 .text.VmFileGetAddress
                0x0000000000001712       0x34 ./vmfile.o
                0x0000000000001712                VmFileGetAddress
 .text.VmFileGetClassFieldCount
                0x0000000000001746        0xe ./vmfile.o
                0x0000000000001746                VmFileGetClassFieldCount
 .text.VmFileGetStaticFieldCount
                0x0000000000001754        0x8 ./vmfile.o
                0x0000000000001754                VmFileGetStaticFieldCount
 .text.VmFileGetMethodByFixedClassAndId
                0x000000000000175c       0x86 ./vmfile.o
                0x000000000000175c                VmFileGetMethodByFixedClassAndId
 .text.VmFileGetMethodByClassAndId
                0x00000000000017e2       0x32 ./vmfile.o
                0x00000000000017e2                VmFileGetMethodByClassAndId
 .text.HeapCopyMemory
                0x0000000000001814       0x22 ./vmheap.o
                0x0000000000001814                HeapCopyMemory
 .text.HeapShow
                0x0000000000001836       0x78 ./vmheap.o
                0x0000000000001836                HeapShow
 .text.HeapSearch
                0x00000000000018ae       0x38 ./vmheap.o
                0x00000000000018ae                HeapSearch
 .text.HeapNewId
                0x00000000000018e6       0x24 ./vmheap.o
                0x00000000000018e6                HeapNewId
 .text.HeapInternalAlloc
                0x000000000000190a       0x52 ./vmheap.o
                0x000000000000190a                HeapInternalAlloc
 .text.HeapGetLength
                0x000000000000195c       0x1e ./vmheap.o
                0x000000000000195c                HeapGetLength
 .text.HeapGetFieldReference
                0x000000000000197a       0x8e ./vmheap.o
                0x000000000000197a                HeapGetFieldReference
 .text.GetHeapBase
                0x0000000000001a08        0x6 ./vmheap.o
                0x0000000000001a08                GetHeapBase
 .text.HeapGetAddress
                0x0000000000001a0e       0x1e ./vmheap.o
                0x0000000000001a0e                HeapGetAddress
 .text.HeapInitialize
                0x0000000000001a2c       0x1e ./vmheap.o
                0x0000000000001a2c                HeapInitialize
 .text.HeapCollectGarbage
                0x0000000000001a4a       0xb0 ./vmheap.o
                0x0000000000001a4a                HeapCollectGarbage
 .text.HeapAlloc
                0x0000000000001afa       0x46 ./vmheap.o
                0x0000000000001afa                HeapAlloc
 .text.HeapRealloc
                0x0000000000001b40       0x76 ./vmheap.o
                0x0000000000001b40                HeapRealloc
 .text.HeapSteal
                0x0000000000001bb6       0x78 ./vmheap.o
                0x0000000000001bb6                HeapSteal
 .text.HeapUnsteal
                0x0000000000001c2e       0x6c ./vmheap.o
                0x0000000000001c2e                HeapUnsteal
 .text.StackInitialize
                0x0000000000001c9a       0x54 ./vmstack.o
                0x0000000000001c9a                StackInitialize
 .text.StackPush
                0x0000000000001cee       0x20 ./vmstack.o
                0x0000000000001cee                StackPush
 .text.StackPop
                0x0000000000001d0e       0x1e ./vmstack.o
                0x0000000000001d0e                StackPop
 .text.StackPopInt
                0x0000000000001d2c       0x20 ./vmstack.o
                0x0000000000001d2c                StackPopInt
 .text.StackPeek
                0x0000000000001d4c       0x1c ./vmstack.o
                0x0000000000001d4c                StackPeek
 .text.StackPeekInt
                0x0000000000001d68       0x1e ./vmstack.o
                0x0000000000001d68                StackPeekInt
 .text.StackPopAddr
                0x0000000000001d86       0x20 ./vmstack.o
                0x0000000000001d86                StackPopAddr
 .text.StackPeekAddr
                0x0000000000001da6       0x1e ./vmstack.o
                0x0000000000001da6                StackPeekAddr
 .text.StackAddToSp
                0x0000000000001dc4       0x1c ./vmstack.o
                0x0000000000001dc4                StackAddToSp
 .text.GetStackPointer
                0x0000000000001de0        0xa ./vmstack.o
                0x0000000000001de0                GetStackPointer
 .text.StackGetStaticVariable
                0x0000000000001dea       0x1e ./vmstack.o
                0x0000000000001dea                StackGetStaticVariable
 .text.StackSetStaticVariable
                0x0000000000001e08       0x1e ./vmstack.o
                0x0000000000001e08                StackSetStaticVariable
 .text.StackSaveBase
                0x0000000000001e26       0x12 ./vmstack.o
                0x0000000000001e26                StackSaveBase
 .text.StackIsEmpty
                0x0000000000001e38       0x1c ./vmstack.o
                0x0000000000001e38                StackIsEmpty
 .text.StackIsHeapIdInUse
                0x0000000000001e54       0x56 ./vmstack.o
                0x0000000000001e54                StackIsHeapIdInUse
 .text.libgcc.mul
                0x0000000000001eaa       0x20 /usr/lib/gcc/avr/4.8.2/avr5/libgcc.a(_mulsi3.o)
                0x0000000000001eaa                __mulsi3
 .text.libgcc.div
                0x0000000000001eca        0x0 /usr/lib/gcc/avr/4.8.2/avr5/libgcc.a(_mulsi3.o)
 .text.libgcc   0x0000000000001eca        0x0 /usr/lib/gcc/avr/4.8.2/avr5/libgcc.a(_mulsi3.o)
 .text.libgcc.prologue
                0x0000000000001eca        0x0 /usr/lib/gcc/avr/4.8.2/avr5/libgcc.a(_mulsi3.o)
 .text.libgcc.builtins
                0x0000000000001eca        0x0 /usr/lib/gcc/avr/4.8.2/avr5/libgcc.a(_mulsi3.o)
 .text.libgcc.fmul
                0x0000000000001eca        0x0 /usr/lib/gcc/avr/4.8.2/avr5/libgcc.a(_mulsi3.o)
 .text.libgcc.fixed
                0x0000000000001eca        0x0 /usr/lib/gcc/avr/4.8.2/avr5/libgcc.a(_mulsi3.o)
 .text.libgcc.mul
                0x0000000000001eca        0x0 /usr/lib/gcc/avr/4.8.2/avr5/libgcc.a(_udivmodqi4.o)
 .text.libgcc.div
                0x0000000000001eca       0x18 /usr/lib/gcc/avr/4.8.2/avr5/libgcc.a(_udivmodqi4.o)
                0x0000000000001eca                __udivmodqi4
 .text.libgcc   0x0000000000001ee2        0x0 /usr/lib/gcc/avr/4.8.2/avr5/libgcc.a(_udivmodqi4.o)
 .text.libgcc.prologue
                0x0000000000001ee2        0x0 /usr/lib/gcc/avr/4.8.2/avr5/libgcc.a(_udivmodqi4.o)
 .text.libgcc.builtins
                0x0000000000001ee2        0x0 /usr/lib/gcc/avr/4.8.2/avr5/libgcc.a(_udivmodqi4.o)
 .text.libgcc.fmul
                0x0000000000001ee2        0x0 /usr/lib/gcc/avr/4.8.2/avr5/libgcc.a(_udivmodqi4.o)
 .text.libgcc.fixed
                0x0000000000001ee2        0x0 /usr/lib/gcc/avr/4.8.2/avr5/libgcc.a(_udivmodqi4.o)
 .text.libgcc.mul
                0x0000000000001ee2        0x0 /usr/lib/gcc/avr/4.8.2/avr5/libgcc.a(_udivmodhi4.o)
 .text.libgcc.div
                0x0000000000001ee2       0x28 /usr/lib/gcc/avr/4.8.2/avr5/libgcc.a(_udivmodhi4.o)
                0x0000000000001ee2                __udivmodhi4
 .text.libgcc   0x0000000000001f0a        0x0 /usr/lib/gcc/avr/4.8.2/avr5/libgcc.a(_udivmodhi4.o)
 .text.libgcc.prologue
                0x0000000000001f0a        0x0 /usr/lib/gcc/avr/4.8.2/avr5/libgcc.a(_udivmodhi4.o)
 .text.libgcc.builtins
                0x0000000000001f0a        0x0 /usr/lib/gcc/avr/4.8.2/avr5/libgcc.a(_udivmodhi4.o)
 .text.libgcc.fmul
                0x0000000000001f0a        0x0 /usr/lib/gcc/avr/4.8.2/avr5/libgcc.a(_udivmodhi4.o)
 .text.libgcc.fixed
                0x0000000000001f0a        0x0 /usr/lib/gcc/avr/4.8.2/avr5/libgcc.a(_udivmodhi4.o)
 .text.libgcc.mul
                0x0000000000001f0a        0x0 /usr/lib/gcc/avr/4.8.2/avr5/libgcc.a(_divmodsi4.o)
 .text.libgcc.div
                0x0000000000001f0a       0x2e /usr/lib/gcc/avr/4.8.2/avr5/libgcc.a(_divmodsi4.o)
                0x0000000000001f0a                __divmodsi4
 .text.libgcc   0x0000000000001f38        0x0 /usr/lib/gcc/avr/4.8.2/avr5/libgcc.a(_divmodsi4.o)
 .text.libgcc.prologue
                0x0000000000001f38        0x0 /usr/lib/gcc/avr/4.8.2/avr5/libgcc.a(_divmodsi4.o)
 .text.libgcc.builtins
                0x0000000000001f38        0x0 /usr/lib/gcc/avr/4.8.2/avr5/libgcc.a(_divmodsi4.o)
 .text.libgcc.fmul
                0x0000000000001f38        0x0 /usr/lib/gcc/avr/4.8.2/avr5/libgcc.a(_divmodsi4.o)
 .text.libgcc.fixed
                0x0000000000001f38        0x0 /usr/lib/gcc/avr/4.8.2/avr5/libgcc.a(_divmodsi4.o)
 .text.libgcc.mul
                0x0000000000001f38        0x0 /usr/lib/gcc/avr/4.8.2/avr5/libgcc.a(_negsi2.o)
 .text.libgcc.div
                0x0000000000001f38       0x10 /usr/lib/gcc/avr/4.8.2/avr5/libgcc.a(_negsi2.o)
                0x0000000000001f38                __negsi2
 .text.libgcc   0x0000000000001f48        0x0 /usr/lib/gcc/avr/4.8.2/avr5/libgcc.a(_negsi2.o)
 .text.libgcc.prologue
                0x0000000000001f48        0x0 /usr/lib/gcc/avr/4.8.2/avr5/libgcc.a(_negsi2.o)
 .text.libgcc.builtins
                0x0000000000001f48        0x0 /usr/lib/gcc/avr/4.8.2/avr5/libgcc.a(_negsi2.o)
 .text.libgcc.fmul
                0x0000000000001f48        0x0 /usr/lib/gcc/avr/4.8.2/avr5/libgcc.a(_negsi2.o)
 .text.libgcc.fixed
                0x0000000000001f48        0x0 /usr/lib/gcc/avr/4.8.2/avr5/libgcc.a(_negsi2.o)
 .text.libgcc.mul
                0x0000000000001f48        0x0 /usr/lib/gcc/avr/4.8.2/avr5/libgcc.a(_exit.o)
 .text.libgcc.div
                0x0000000000001f48        0x0 /usr/lib/gcc/avr/4.8.2/avr5/libgcc.a(_exit.o)
 .text.libgcc   0x0000000000001f48        0x0 /usr/lib/gcc/avr/4.8.2/avr5/libgcc.a(_exit.o)
 .text.libgcc.prologue
                0x0000000000001f48        0x0 /usr/lib/gcc/avr/4.8.2/avr5/libgcc.a(_exit.o)
 .text.libgcc.builtins
                0x0000000000001f48        0x0 /usr/lib/gcc/avr/4.8.2/avr5/libgcc.a(_exit.o)
 .text.libgcc.fmul
                0x0000000000001f48        0x0 /usr/lib/gcc/avr/4.8.2/avr5/libgcc.a(_exit.o)
 .text.libgcc.fixed
                0x0000000000001f48        0x0 /usr/lib/gcc/avr/4.8.2/avr5/libgcc.a(_exit.o)
 .text.libgcc.mul
                0x0000000000001f48        0x0 /usr/lib/gcc/avr/4.8.2/avr5/libgcc.a(_tablejump.o)
 .text.libgcc.div
                0x0000000000001f48        0x0 /usr/lib/gcc/avr/4.8.2/avr5/libgcc.a(_tablejump.o)
 .text.libgcc   0x0000000000001f48        0xc /usr/lib/gcc/avr/4.8.2/avr5/libgcc.a(_tablejump.o)
                0x0000000000001f48                __tablejump2__
                0x0000000000001f4c                __tablejump__
 .text.libgcc.prologue
                0x0000000000001f54        0x0 /usr/lib/gcc/avr/4.8.2/avr5/libgcc.a(_tablejump.o)
 .text.libgcc.builtins
                0x0000000000001f54        0x0 /usr/lib/gcc/avr/4.8.2/avr5/libgcc.a(_tablejump.o)
 .text.libgcc.fmul
                0x0000000000001f54        0x0 /usr/lib/gcc/avr/4.8.2/avr5/libgcc.a(_tablejump.o)
 .text.libgcc.fixed
                0x0000000000001f54        0x0 /usr/lib/gcc/avr/4.8.2/avr5/libgcc.a(_tablejump.o)
 .text.libgcc.mul
                0x0000000000001f54        0x0 /usr/lib/gcc/avr/4.8.2/avr5/libgcc.a(_copy_data.o)
 .text.libgcc.div
                0x0000000000001f54        0x0 /usr/lib/gcc/avr/4.8.2/avr5/libgcc.a(_copy_data.o)
 .text.libgcc   0x0000000000001f54        0x0 /usr/lib/gcc/avr/4.8.2/avr5/libgcc.a(_copy_data.o)
 .text.libgcc.prologue
                0x0000000000001f54        0x0 /usr/lib/gcc/avr/4.8.2/avr5/libgcc.a(_copy_data.o)
 .text.libgcc.builtins
                0x0000000000001f54        0x0 /usr/lib/gcc/avr/4.8.2/avr5/libgcc.a(_copy_data.o)
 .text.libgcc.fmul
                0x0000000000001f54        0x0 /usr/lib/gcc/avr/4.8.2/avr5/libgcc.a(_copy_data.o)
 .text.libgcc.fixed
                0x0000000000001f54        0x0 /usr/lib/gcc/avr/4.8.2/avr5/libgcc.a(_copy_data.o)
 .text.libgcc.mul
                0x0000000000001f54        0x0 /usr/lib/gcc/avr/4.8.2/avr5/libgcc.a(_clear_bss.o)
 .text.libgcc.div
                0x0000000000001f54        0x0 /usr/lib/gcc/avr/4.8.2/avr5/libgcc.a(_clear_bss.o)
 .text.libgcc   0x0000000000001f54        0x0 /usr/lib/gcc/avr/4.8.2/avr5/libgcc.a(_clear_bss.o)
 .text.libgcc.prologue
                0x0000000000001f54        0x0 /usr/lib/gcc/avr/4.8.2/avr5/libgcc.a(_clear_bss.o)
 .text.libgcc.builtins
                0x0000000000001f54        0x0 /usr/lib/gcc/avr/4.8.2/avr5/libgcc.a(_clear_bss.o)
 .text.libgcc.fmul
                0x0000000000001f54        0x0 /usr/lib/gcc/avr/4.8.2/avr5/libgcc.a(_clear_bss.o)
 .text.libgcc.fixed
                0x0000000000001f54        0x0 /usr/lib/gcc/avr/4.8.2/avr5/libgcc.a(_clear_bss.o)
 .text.libgcc.mul
                0x0000000000001f54       0x16 /usr/lib/gcc/avr/4.8.2/avr5/libgcc.a(_muluhisi3.o)
                0x0000000000001f54                __muluhisi3
 .text.libgcc.div
                0x0000000000001f6a        0x0 /usr/lib/gcc/avr/4.8.2/avr5/libgcc.a(_muluhisi3.o)
 .text.libgcc   0x0000000000001f6a        0x0 /usr/lib/gcc/avr/4.8.2/avr5/libgcc.a(_muluhisi3.o)
 .text.libgcc.prologue
                0x0000000000001f6a        0x0 /usr/lib/gcc/avr/4.8.2/avr5/libgcc.a(_muluhisi3.o)
 .text.libgcc.builtins
                0x0000000000001f6a        0x0 /usr/lib/gcc/avr/4.8.2/avr5/libgcc.a(_muluhisi3.o)
 .text.libgcc.fmul
                0x0000000000001f6a        0x0 /usr/lib/gcc/avr/4.8.2/avr5/libgcc.a(_muluhisi3.o)
 .text.libgcc.fixed
                0x0000000000001f6a        0x0 /usr/lib/gcc/avr/4.8.2/avr5/libgcc.a(_muluhisi3.o)
 .text.libgcc.mul
                0x0000000000001f6a        0x0 /usr/lib/gcc/avr/4.8.2/avr5/libgcc.a(_udivmodsi4.o)
 .text.libgcc.div
                0x0000000000001f6a       0x44 /usr/lib/gcc/avr/4.8.2/avr5/libgcc.a(_udivmodsi4.o)
                0x0000000000001f6a                __udivmodsi4
 .text.libgcc   0x0000000000001fae        0x0 /usr/lib/gcc/avr/4.8.2/avr5/libgcc.a(_udivmodsi4.o)
 .text.libgcc.prologue
                0x0000000000001fae        0x0 /usr/lib/gcc/avr/4.8.2/avr5/libgcc.a(_udivmodsi4.o)
 .text.libgcc.builtins
                0x0000000000001fae        0x0 /usr/lib/gcc/avr/4.8.2/avr5/libgcc.a(_udivmodsi4.o)
 .text.libgcc.fmul
                0x0000000000001fae        0x0 /usr/lib/gcc/avr/4.8.2/avr5/libgcc.a(_udivmodsi4.o)
 .text.libgcc.fixed
                0x0000000000001fae        0x0 /usr/lib/gcc/avr/4.8.2/avr5/libgcc.a(_udivmodsi4.o)
 .text.libgcc.mul
                0x0000000000001fae       0x1e /usr/lib/gcc/avr/4.8.2/avr5/libgcc.a(_umulhisi3.o)
                0x0000000000001fae                __umulhisi3
 .text.libgcc.div
                0x0000000000001fcc        0x0 /usr/lib/gcc/avr/4.8.2/avr5/libgcc.a(_umulhisi3.o)
 .text.libgcc   0x0000000000001fcc        0x0 /usr/lib/gcc/avr/4.8.2/avr5/libgcc.a(_umulhisi3.o)
 .text.libgcc.prologue
                0x0000000000001fcc        0x0 /usr/lib/gcc/avr/4.8.2/avr5/libgcc.a(_umulhisi3.o)
 .text.libgcc.builtins
                0x0000000000001fcc        0x0 /usr/lib/gcc/avr/4.8.2/avr5/libgcc.a(_umulhisi3.o)
 .text.libgcc.fmul
                0x0000000000001fcc        0x0 /usr/lib/gcc/avr/4.8.2/avr5/libgcc.a(_umulhisi3.o)
 .text.libgcc.fixed
                0x0000000000001fcc        0x0 /usr/lib/gcc/avr/4.8.2/avr5/libgcc.a(_umulhisi3.o)
 .text.avr-libc
                0x0000000000001fcc      0x24e /usr/lib/gcc/avr/4.8.2/../../../../avr/lib/avr5/libc.a(malloc.o)
                0x0000000000001fcc                malloc
                0x00000000000020fc                free
 .text.avr-libc
                0x000000000000221a       0x42 /usr/lib/gcc/avr/4.8.2/../../../../avr/lib/avr5/libc.a(itoa.o)
                0x000000000000221a                itoa
 .text.avr-libc
                0x000000000000225c       0x28 /usr/lib/gcc/avr/4.8.2/../../../../avr/lib/avr5/libc.a(printf.o)
                0x000000000000225c                printf
 .text.avr-libc
                0x0000000000002284       0x5a /usr/lib/gcc/avr/4.8.2/../../../../avr/lib/avr5/libc.a(puts.o)
                0x0000000000002284                puts
 .text.avr-libc
                0x00000000000022de      0x3a4 /usr/lib/gcc/avr/4.8.2/../../../../avr/lib/avr5/libc.a(vfprintf_std.o)
                0x00000000000022de                vfprintf
 .text.avr-libc
                0x0000000000002682       0x16 /usr/lib/gcc/avr/4.8.2/../../../../avr/lib/avr5/libc.a(strnlen_P.o)
                0x0000000000002682                strnlen_P
 .text.avr-libc
                0x0000000000002698       0x16 /usr/lib/gcc/avr/4.8.2/../../../../avr/lib/avr5/libc.a(strnlen.o)
                0x0000000000002698                strnlen
 .text.avr-libc
                0x00000000000026ae       0x20 /usr/lib/gcc/avr/4.8.2/../../../../avr/lib/avr5/libc.a(strrev.o)
                0x00000000000026ae                strrev
 .text.avr-libc
                0x00000000000026ce       0x64 /usr/lib/gcc/avr/4.8.2/../../../../avr/lib/avr5/libc.a(fputc.o)
                0x00000000000026ce                fputc
 .text.avr-libc
                0x0000000000002732       0xbc /usr/lib/gcc/avr/4.8.2/../../../../avr/lib/avr5/libc.a(ultoa_invert.o)
                0x0000000000002732                __ultoa_invert
 .text.libgcc.mul
                0x00000000000027ee        0x0 /usr/lib/gcc/avr/4.8.2/avr5/libgcc.a(_prologue.o)
 .text.libgcc.div
                0x00000000000027ee        0x0 /usr/lib/gcc/avr/4.8.2/avr5/libgcc.a(_prologue.o)
 .text.libgcc   0x00000000000027ee        0x0 /usr/lib/gcc/avr/4.8.2/avr5/libgcc.a(_prologue.o)
 .text.libgcc.prologue
                0x00000000000027ee       0x38 /usr/lib/gcc/avr/4.8.2/avr5/libgcc.a(_prologue.o)
                0x00000000000027ee                __prologue_saves__
 .text.libgcc.builtins
                0x0000000000002826        0x0 /usr/lib/gcc/avr/4.8.2/avr5/libgcc.a(_prologue.o)
 .text.libgcc.fmul
                0x0000000000002826        0x0 /usr/lib/gcc/avr/4.8.2/avr5/libgcc.a(_prologue.o)
 .text.libgcc.fixed
                0x0000000000002826        0x0 /usr/lib/gcc/avr/4.8.2/avr5/libgcc.a(_prologue.o)
 .text.libgcc.mul
                0x0000000000002826        0x0 /usr/lib/gcc/avr/4.8.2/avr5/libgcc.a(_epilogue.o)
 .text.libgcc.div
                0x0000000000002826        0x0 /usr/lib/gcc/avr/4.8.2/avr5/libgcc.a(_epilogue.o)
 .text.libgcc   0x0000000000002826        0x0 /usr/lib/gcc/avr/4.8.2/avr5/libgcc.a(_epilogue.o)
 .text.libgcc.prologue
                0x0000000000002826       0x36 /usr/lib/gcc/avr/4.8.2/avr5/libgcc.a(_epilogue.o)
                0x0000000000002826                __epilogue_restores__
 .text.libgcc.builtins
                0x000000000000285c        0x0 /usr/lib/gcc/avr/4.8.2/avr5/libgcc.a(_epilogue.o)
 .text.libgcc.fmul
                0x000000000000285c        0x0 /usr/lib/gcc/avr/4.8.2/avr5/libgcc.a(_epilogue.o)
 .text.libgcc.fixed
                0x000000000000285c        0x0 /usr/lib/gcc/avr/4.8.2/avr5/libgcc.a(_epilogue.o)
                0x000000000000285c                . = ALIGN (0x2)
 *(.fini9)
 .fini9         0x000000000000285c        0x0 /usr/lib/gcc/avr/4.8.2/avr5/libgcc.a(_exit.o)
                0x000000000000285c                exit
                0x000000000000285c                _exit
 *(.fini9)
 *(.fini8)
 *(.fini8)
 *(.fini7)
 *(.fini7)
 *(.fini6)
 *(.fini6)
 *(.fini5)
 *(.fini5)
 *(.fini4)
 *(.fini4)
 *(.fini3)
 *(.fini3)
 *(.fini2)
 *(.fini2)
 *(.fini1)
 *(.fini1)
 *(.fini0)
 .fini0         0x000000000000285c        0x4 /usr/lib/gcc/avr/4.8.2/avr5/libgcc.a(_exit.o)
 *(.fini0)
                0x0000000000002860                _etext = .

.data           0x0000000000800100       0x38 load address 0x0000000000002860
                0x0000000000800100                PROVIDE (__data_start, .)
 *(.data)
 .data          0x0000000000800100        0x0 /usr/lib/gcc/avr/4.8.2/../../../../avr/lib/avr5/crtm328p.o
 .data          0x0000000000800100        0x0 ./platform/arduino/uart/circbuff.o
 .data          0x0000000000800100        0x0 ./platform/arduino/uart/uart.o
 .data          0x0000000000800100        0x0 ./platform/arduino/Flash.o
 .data          0x0000000000800100        0x0 ./platform/arduino/VmMain.o
 .data          0x0000000000800100        0x0 ./platform/arduino/microapi.o
 .data          0x0000000000800100        0x0 ./platform/arduino/native_brik.o
 .data          0x0000000000800100        0x0 ./platform/arduino/native_formatter.o
 .data          0x0000000000800100        0x0 ./platform/arduino/native_java.o
 .data          0x0000000000800100        0x0 ./platform/arduino/native_math.o
 .data          0x0000000000800100        0x0 ./platform/arduino/native_stdio.o
 .data          0x0000000000800100        0x0 ./platform/arduino/platform.o
 .data          0x0000000000800100        0x0 ./platform/arduino/uart.o
 .data          0x0000000000800100        0x0 ./native_string.o
 .data          0x0000000000800100        0x0 ./utils.o
 .data          0x0000000000800100        0x0 ./vm.o
 .data          0x0000000000800100        0x0 ./vmarray.o
 .data          0x0000000000800100        0x0 ./vmerror.o
 .data          0x0000000000800100        0x0 ./vmfile.o
 .data          0x0000000000800100        0x0 ./vmheap.o
 .data          0x0000000000800100        0x0 ./vmstack.o
 .data          0x0000000000800100        0x0 /usr/lib/gcc/avr/4.8.2/avr5/libgcc.a(_mulsi3.o)
 .data          0x0000000000800100        0x0 /usr/lib/gcc/avr/4.8.2/avr5/libgcc.a(_udivmodqi4.o)
 .data          0x0000000000800100        0x0 /usr/lib/gcc/avr/4.8.2/avr5/libgcc.a(_udivmodhi4.o)
 .data          0x0000000000800100        0x0 /usr/lib/gcc/avr/4.8.2/avr5/libgcc.a(_divmodsi4.o)
 .data          0x0000000000800100        0x0 /usr/lib/gcc/avr/4.8.2/avr5/libgcc.a(_negsi2.o)
 .data          0x0000000000800100        0x0 /usr/lib/gcc/avr/4.8.2/avr5/libgcc.a(_exit.o)
 .data          0x0000000000800100        0x0 /usr/lib/gcc/avr/4.8.2/avr5/libgcc.a(_tablejump.o)
 .data          0x0000000000800100        0x0 /usr/lib/gcc/avr/4.8.2/avr5/libgcc.a(_copy_data.o)
 .data          0x0000000000800100        0x0 /usr/lib/gcc/avr/4.8.2/avr5/libgcc.a(_clear_bss.o)
 .data          0x0000000000800100        0x0 /usr/lib/gcc/avr/4.8.2/avr5/libgcc.a(_muluhisi3.o)
 .data          0x0000000000800100        0x0 /usr/lib/gcc/avr/4.8.2/avr5/libgcc.a(_udivmodsi4.o)
 .data          0x0000000000800100        0x0 /usr/lib/gcc/avr/4.8.2/avr5/libgcc.a(_umulhisi3.o)
 .data          0x0000000000800100        0x6 /usr/lib/gcc/avr/4.8.2/../../../../avr/lib/avr5/libc.a(malloc.o)
                0x0000000000800100                __malloc_heap_end
                0x0000000000800102                __malloc_heap_start
                0x0000000000800104                __malloc_margin
 .data          0x0000000000800106        0x0 /usr/lib/gcc/avr/4.8.2/../../../../avr/lib/avr5/libc.a(itoa.o)
 .data          0x0000000000800106        0x0 /usr/lib/gcc/avr/4.8.2/../../../../avr/lib/avr5/libc.a(printf.o)
 .data          0x0000000000800106        0x0 /usr/lib/gcc/avr/4.8.2/../../../../avr/lib/avr5/libc.a(puts.o)
 .data          0x0000000000800106        0x0 /usr/lib/gcc/avr/4.8.2/../../../../avr/lib/avr5/libc.a(vfprintf_std.o)
 .data          0x0000000000800106        0x0 /usr/lib/gcc/avr/4.8.2/../../../../avr/lib/avr5/libc.a(strnlen_P.o)
 .data          0x0000000000800106        0x0 /usr/lib/gcc/avr/4.8.2/../../../../avr/lib/avr5/libc.a(strnlen.o)
 .data          0x0000000000800106        0x0 /usr/lib/gcc/avr/4.8.2/../../../../avr/lib/avr5/libc.a(strrev.o)
 .data          0x0000000000800106        0x0 /usr/lib/gcc/avr/4.8.2/../../../../avr/lib/avr5/libc.a(fputc.o)
 .data          0x0000000000800106        0x0 /usr/lib/gcc/avr/4.8.2/../../../../avr/lib/avr5/libc.a(iob.o)
 .data          0x0000000000800106        0x0 /usr/lib/gcc/avr/4.8.2/../../../../avr/lib/avr5/libc.a(ultoa_invert.o)
 .data          0x0000000000800106        0x0 /usr/lib/gcc/avr/4.8.2/avr5/libgcc.a(_prologue.o)
 .data          0x0000000000800106        0x0 /usr/lib/gcc/avr/4.8.2/avr5/libgcc.a(_epilogue.o)
 *(.data*)
 *(.rodata)
 *(.rodata*)
 .rodata.str1.1
                0x0000000000800106       0x2c ./platform/arduino/uart/circbuff.o
 .rodata.str1.1
                0x0000000000800132        0x5 ./platform/arduino/uart/uart.o
 *(.gnu.linkonce.d*)
                0x0000000000800138                . = ALIGN (0x2)
 *fill*         0x0000000000800137        0x1 
                0x0000000000800138                _edata = .
                0x0000000000800138                PROVIDE (__data_end, .)

.bss            0x0000000000800138     0x1fb2
                0x0000000000800138                PROVIDE (__bss_start, .)
 *(.bss)
 .bss           0x0000000000800138        0x0 /usr/lib/gcc/avr/4.8.2/../../../../avr/lib/avr5/crtm328p.o
 .bss           0x0000000000800138        0x0 ./platform/arduino/uart/circbuff.o
 .bss           0x0000000000800138        0x0 ./platform/arduino/uart/uart.o
 .bss           0x0000000000800138        0x0 ./platform/arduino/Flash.o
 .bss           0x0000000000800138        0x0 ./platform/arduino/VmMain.o
 .bss           0x0000000000800138        0x0 ./platform/arduino/microapi.o
 .bss           0x0000000000800138        0x0 ./platform/arduino/native_brik.o
 .bss           0x0000000000800138        0x0 ./platform/arduino/native_formatter.o
 .bss           0x0000000000800138        0x0 ./platform/arduino/native_java.o
 .bss           0x0000000000800138        0x0 ./platform/arduino/native_math.o
 .bss           0x0000000000800138        0x0 ./platform/arduino/native_stdio.o
 .bss           0x0000000000800138        0x0 ./platform/arduino/platform.o
 .bss           0x0000000000800138        0x0 ./platform/arduino/uart.o
 .bss           0x0000000000800138        0x0 ./native_string.o
 .bss           0x0000000000800138        0x0 ./utils.o
 .bss           0x0000000000800138        0x0 ./vm.o
 .bss           0x0000000000800138        0x0 ./vmarray.o
 .bss           0x0000000000800138        0x0 ./vmerror.o
 .bss           0x0000000000800138        0x0 ./vmfile.o
 .bss           0x0000000000800138        0x0 ./vmheap.o
 .bss           0x0000000000800138        0x0 ./vmstack.o
 .bss           0x0000000000800138        0x0 /usr/lib/gcc/avr/4.8.2/avr5/libgcc.a(_mulsi3.o)
 .bss           0x0000000000800138        0x0 /usr/lib/gcc/avr/4.8.2/avr5/libgcc.a(_udivmodqi4.o)
 .bss           0x0000000000800138        0x0 /usr/lib/gcc/avr/4.8.2/avr5/libgcc.a(_udivmodhi4.o)
 .bss           0x0000000000800138        0x0 /usr/lib/gcc/avr/4.8.2/avr5/libgcc.a(_divmodsi4.o)
 .bss           0x0000000000800138        0x0 /usr/lib/gcc/avr/4.8.2/avr5/libgcc.a(_negsi2.o)
 .bss           0x0000000000800138        0x0 /usr/lib/gcc/avr/4.8.2/avr5/libgcc.a(_exit.o)
 .bss           0x0000000000800138        0x0 /usr/lib/gcc/avr/4.8.2/avr5/libgcc.a(_tablejump.o)
 .bss           0x0000000000800138        0x0 /usr/lib/gcc/avr/4.8.2/avr5/libgcc.a(_copy_data.o)
 .bss           0x0000000000800138        0x0 /usr/lib/gcc/avr/4.8.2/avr5/libgcc.a(_clear_bss.o)
 .bss           0x0000000000800138        0x0 /usr/lib/gcc/avr/4.8.2/avr5/libgcc.a(_muluhisi3.o)
 .bss           0x0000000000800138        0x0 /usr/lib/gcc/avr/4.8.2/avr5/libgcc.a(_udivmodsi4.o)
 .bss           0x0000000000800138        0x0 /usr/lib/gcc/avr/4.8.2/avr5/libgcc.a(_umulhisi3.o)
 .bss           0x0000000000800138        0x0 /usr/lib/gcc/avr/4.8.2/../../../../avr/lib/avr5/libc.a(malloc.o)
 .bss           0x0000000000800138        0x0 /usr/lib/gcc/avr/4.8.2/../../../../avr/lib/avr5/libc.a(itoa.o)
 .bss           0x0000000000800138        0x0 /usr/lib/gcc/avr/4.8.2/../../../../avr/lib/avr5/libc.a(printf.o)
 .bss           0x0000000000800138        0x0 /usr/lib/gcc/avr/4.8.2/../../../../avr/lib/avr5/libc.a(puts.o)
 .bss           0x0000000000800138        0x0 /usr/lib/gcc/avr/4.8.2/../../../../avr/lib/avr5/libc.a(vfprintf_std.o)
 .bss           0x0000000000800138        0x0 /usr/lib/gcc/avr/4.8.2/../../../../avr/lib/avr5/libc.a(strnlen_P.o)
 .bss           0x0000000000800138        0x0 /usr/lib/gcc/avr/4.8.2/../../../../avr/lib/avr5/libc.a(strnlen.o)
 .bss           0x0000000000800138        0x0 /usr/lib/gcc/avr/4.8.2/../../../../avr/lib/avr5/libc.a(strrev.o)
 .bss           0x0000000000800138        0x0 /usr/lib/gcc/avr/4.8.2/../../../../avr/lib/avr5/libc.a(fputc.o)
 .bss           0x0000000000800138        0x0 /usr/lib/gcc/avr/4.8.2/../../../../avr/lib/avr5/libc.a(iob.o)
 .bss           0x0000000000800138        0x0 /usr/lib/gcc/avr/4.8.2/../../../../avr/lib/avr5/libc.a(ultoa_invert.o)
 .bss           0x0000000000800138        0x0 /usr/lib/gcc/avr/4.8.2/avr5/libgcc.a(_prologue.o)
 .bss           0x0000000000800138        0x0 /usr/lib/gcc/avr/4.8.2/avr5/libgcc.a(_epilogue.o)
 *(.bss*)
 .bss.tx_cb     0x0000000000800138        0x2 ./platform/arduino/uart/uart.o
 .bss.rx_cb     0x000000000080013a        0x2 ./platform/arduino/uart/uart.o
 .bss.brtcset   0x000000000080013c        0x1 ./platform/arduino/microapi.o
                0x000000000080013c                brtcset
 .bss.brtcupdate
                0x000000000080013d        0x1 ./platform/arduino/microapi.o
                0x000000000080013d                brtcupdate
 .bss.BrikPins  0x000000000080013e        0x0 ./platform/arduino/native_brik.o
                0x000000000080013e                BrikPins
 .bss.vmFile    0x000000000080013e     0x1000 ./vmfile.o
 .bss.heapBase  0x000000000080113e        0x2 ./vmheap.o
                0x000000000080113e                heapBase
 .bss.stackbase
                0x0000000000801140        0x2 ./vmstack.o
 .bss.sp        0x0000000000801142        0x2 ./vmstack.o
 .bss.stack     0x0000000000801144        0x2 ./vmstack.o
 *(COMMON)
 COMMON         0x0000000000801146        0xb ./platform/arduino/microapi.o
                0x0000000000801146                rtccapture
                0x000000000080114a                rtc
                0x000000000080114d                sysclk
 COMMON         0x0000000000801151        0x8 ./platform/arduino/native_java.o
                0x0000000000801151                timers
 COMMON         0x0000000000801159       0x84 ./platform/arduino/uart.o
                0x0000000000801159                txHead
                0x000000000080115a                rxTail
                0x000000000080115b                rxBuffer
                0x000000000080119b                txBuffer
                0x00000000008011db                rxHead
                0x00000000008011dc                txTail
 COMMON         0x00000000008011dd        0x2 ./vm.o
                0x00000000008011dd                locals
 COMMON         0x00000000008011df        0x1 ./vmfile.o
                0x00000000008011df                vmFileConstantCount
 COMMON         0x00000000008011e0      0xf00 ./vmheap.o
                0x00000000008011e0                heap
 COMMON         0x00000000008020e0        0x4 /usr/lib/gcc/avr/4.8.2/../../../../avr/lib/avr5/libc.a(malloc.o)
                0x00000000008020e0                __brkval
                0x00000000008020e2                __flp
 COMMON         0x00000000008020e4        0x6 /usr/lib/gcc/avr/4.8.2/../../../../avr/lib/avr5/libc.a(iob.o)
                0x00000000008020e4                __iob
                0x00000000008020ea                PROVIDE (__bss_end, .)
                0x0000000000002860                __data_load_start = LOADADDR (.data)
                0x0000000000002898                __data_load_end = (__data_load_start + SIZEOF (.data))

.noinit         0x00000000008020ea        0x0
                0x00000000008020ea                PROVIDE (__noinit_start, .)
 *(.noinit*)
                0x00000000008020ea                PROVIDE (__noinit_end, .)
                0x00000000008020ea                _end = .
                0x00000000008020ea                PROVIDE (__heap_start, .)

.eeprom         0x0000000000810000        0x0
 *(.eeprom*)
                0x0000000000810000                __eeprom_end = .

.fuse
 *(.fuse)
 *(.lfuse)
 *(.hfuse)
 *(.efuse)

.lock
 *(.lock*)

.signature
 *(.signature*)

.stab           0x0000000000000000     0x3f24
 *(.stab)
 .stab          0x0000000000000000      0x6cc /usr/lib/gcc/avr/4.8.2/../../../../avr/lib/avr5/crtm328p.o
 .stab          0x00000000000006cc      0x108 /usr/lib/gcc/avr/4.8.2/avr5/libgcc.a(_mulsi3.o)
                                        0x114 (size before relaxing)
 .stab          0x00000000000007d4       0xe4 /usr/lib/gcc/avr/4.8.2/avr5/libgcc.a(_udivmodqi4.o)
                                         0xf0 (size before relaxing)
 .stab          0x00000000000008b8      0x15c /usr/lib/gcc/avr/4.8.2/avr5/libgcc.a(_udivmodhi4.o)
                                        0x168 (size before relaxing)
 .stab          0x0000000000000a14      0x144 /usr/lib/gcc/avr/4.8.2/avr5/libgcc.a(_divmodsi4.o)
                                        0x150 (size before relaxing)
 .stab          0x0000000000000b58       0x6c /usr/lib/gcc/avr/4.8.2/avr5/libgcc.a(_negsi2.o)
                                         0x78 (size before relaxing)
 .stab          0x0000000000000bc4       0x6c /usr/lib/gcc/avr/4.8.2/avr5/libgcc.a(_exit.o)
                                         0x78 (size before relaxing)
 .stab          0x0000000000000c30       0xcc /usr/lib/gcc/avr/4.8.2/avr5/libgcc.a(_tablejump.o)
                                         0xd8 (size before relaxing)
 .stab          0x0000000000000cfc       0xd8 /usr/lib/gcc/avr/4.8.2/avr5/libgcc.a(_copy_data.o)
                                         0xe4 (size before relaxing)
 .stab          0x0000000000000dd4       0xb4 /usr/lib/gcc/avr/4.8.2/avr5/libgcc.a(_clear_bss.o)
                                         0xc0 (size before relaxing)
 .stab          0x0000000000000e88       0xcc /usr/lib/gcc/avr/4.8.2/avr5/libgcc.a(_muluhisi3.o)
                                         0xd8 (size before relaxing)
 .stab          0x0000000000000f54      0x228 /usr/lib/gcc/avr/4.8.2/avr5/libgcc.a(_udivmodsi4.o)
                                        0x234 (size before relaxing)
 .stab          0x000000000000117c      0x108 /usr/lib/gcc/avr/4.8.2/avr5/libgcc.a(_umulhisi3.o)
                                        0x114 (size before relaxing)
 .stab          0x0000000000001284      0x8dc /usr/lib/gcc/avr/4.8.2/../../../../avr/lib/avr5/libc.a(malloc.o)
                                        0x8e8 (size before relaxing)
 .stab          0x0000000000001b60      0x1b0 /usr/lib/gcc/avr/4.8.2/../../../../avr/lib/avr5/libc.a(itoa.o)
                                        0x1bc (size before relaxing)
 .stab          0x0000000000001d10      0x360 /usr/lib/gcc/avr/4.8.2/../../../../avr/lib/avr5/libc.a(printf.o)
                                        0x4ec (size before relaxing)
 .stab          0x0000000000002070      0x36c /usr/lib/gcc/avr/4.8.2/../../../../avr/lib/avr5/libc.a(puts.o)
                                        0x54c (size before relaxing)
 .stab          0x00000000000023dc      0xb70 /usr/lib/gcc/avr/4.8.2/../../../../avr/lib/avr5/libc.a(vfprintf_std.o)
                                        0xd80 (size before relaxing)
 .stab          0x0000000000002f4c       0x9c /usr/lib/gcc/avr/4.8.2/../../../../avr/lib/avr5/libc.a(strnlen_P.o)
                                         0xa8 (size before relaxing)
 .stab          0x0000000000002fe8       0x9c /usr/lib/gcc/avr/4.8.2/../../../../avr/lib/avr5/libc.a(strnlen.o)
                                         0xa8 (size before relaxing)
 .stab          0x0000000000003084       0xd8 /usr/lib/gcc/avr/4.8.2/../../../../avr/lib/avr5/libc.a(strrev.o)
                                         0xe4 (size before relaxing)
 .stab          0x000000000000315c      0x354 /usr/lib/gcc/avr/4.8.2/../../../../avr/lib/avr5/libc.a(fputc.o)
                                        0x534 (size before relaxing)
 .stab          0x00000000000034b0      0x2ac /usr/lib/gcc/avr/4.8.2/../../../../avr/lib/avr5/libc.a(iob.o)
                                        0x48c (size before relaxing)
 .stab          0x000000000000375c      0x480 /usr/lib/gcc/avr/4.8.2/../../../../avr/lib/avr5/libc.a(ultoa_invert.o)
                                        0x48c (size before relaxing)
 .stab          0x0000000000003bdc      0x1a4 /usr/lib/gcc/avr/4.8.2/avr5/libgcc.a(_prologue.o)
                                        0x1b0 (size before relaxing)
 .stab          0x0000000000003d80      0x1a4 /usr/lib/gcc/avr/4.8.2/avr5/libgcc.a(_epilogue.o)
                                        0x1b0 (size before relaxing)

.stabstr        0x0000000000000000     0x141f
 *(.stabstr)
 .stabstr       0x0000000000000000     0x141f /usr/lib/gcc/avr/4.8.2/../../../../avr/lib/avr5/crtm328p.o

.stab.excl
 *(.stab.excl)

.stab.exclstr
 *(.stab.exclstr)

.stab.index
 *(.stab.index)

.stab.indexstr
 *(.stab.indexstr)

.comment        0x0000000000000000       0x42
 *(.comment)
 .comment       0x0000000000000000       0x21 ./platform/arduino/uart/circbuff.o
                                         0x22 (size before relaxing)
 .comment       0x0000000000000000       0x22 ./platform/arduino/uart/uart.o
 .comment       0x0000000000000000       0x22 ./platform/arduino/Flash.o
 .comment       0x0000000000000000       0x22 ./platform/arduino/VmMain.o
 .comment       0x0000000000000000       0x22 ./platform/arduino/microapi.o
 .comment       0x0000000000000000       0x22 ./platform/arduino/native_brik.o
 .comment       0x0000000000000000       0x22 ./platform/arduino/native_formatter.o
 .comment       0x0000000000000000       0x22 ./platform/arduino/native_java.o
 .comment       0x0000000000000000       0x22 ./platform/arduino/native_math.o
 .comment       0x0000000000000000       0x22 ./platform/arduino/native_stdio.o
 .comment       0x0000000000000000       0x22 ./platform/arduino/platform.o
 .comment       0x0000000000000000       0x22 ./platform/arduino/uart.o
 .comment       0x0000000000000000       0x22 ./native_string.o
 .comment       0x0000000000000000       0x22 ./utils.o
 .comment       0x0000000000000000       0x22 ./vm.o
 .comment       0x0000000000000000       0x22 ./vmarray.o
 .comment       0x0000000000000000       0x22 ./vmerror.o
 .comment       0x0000000000000000       0x22 ./vmfile.o
 .comment       0x0000000000000000       0x22 ./vmheap.o
 .comment       0x0000000000000000       0x22 ./vmstack.o
 .comment       0x0000000000000021       0x21 /usr/lib/gcc/avr/4.8.2/../../../../avr/lib/avr5/libc.a(malloc.o)
                                         0x22 (size before relaxing)
 .comment       0x0000000000000000       0x22 /usr/lib/gcc/avr/4.8.2/../../../../avr/lib/avr5/libc.a(printf.o)
 .comment       0x0000000000000000       0x22 /usr/lib/gcc/avr/4.8.2/../../../../avr/lib/avr5/libc.a(puts.o)
 .comment       0x0000000000000000       0x22 /usr/lib/gcc/avr/4.8.2/../../../../avr/lib/avr5/libc.a(vfprintf_std.o)
 .comment       0x0000000000000000       0x22 /usr/lib/gcc/avr/4.8.2/../../../../avr/lib/avr5/libc.a(fputc.o)
 .comment       0x0000000000000000       0x22 /usr/lib/gcc/avr/4.8.2/../../../../avr/lib/avr5/libc.a(iob.o)

.debug
 *(.debug)

.line
 *(.line)

.debug_srcinfo
 *(.debug_srcinfo)

.debug_sfnames
 *(.debug_sfnames)

.debug_aranges
 *(.debug_aranges)

.debug_pubnames
 *(.debug_pubnames)

.debug_info
 *(.debug_info)
 *(.gnu.linkonce.wi.*)

.debug_abbrev
 *(.debug_abbrev)

.debug_line
 *(.debug_line)

.debug_frame
 *(.debug_frame)

.debug_str
 *(.debug_str)

.debug_loc
 *(.debug_loc)

.debug_macinfo
 *(.debug_macinfo)

.debug_pubtypes
 *(.debug_pubtypes)

.debug_ranges
 *(.debug_ranges)

.debug_macro
 *(.debug_macro)
OUTPUT(JwiK-VM.elf elf32-avr)
LOAD linker stubs
